✅ Database instance created.
[seed] Checking and seeding initial data...
(node:2737) [DEP0040] DeprecationWarning: The `punycode` module is deprecated. Please use a userland alternative instead.
(Use `node --trace-deprecation ...` to show where the warning was created)
(node:2737) Warning: SECURITY WARNING: The SSL modes 'prefer', 'require', and 'verify-ca' are treated as aliases for 'verify-full'.
In the next major version (pg-connection-string v3.0.0 and pg v9.0.0), these modes will adopt standard libpq semantics, which have weaker security guarantees.

To prepare for this change:
- If you want the current behavior, explicitly use 'sslmode=verify-full'
- If you want libpq compatibility now, use 'uselibpqcompat=true&sslmode=require'

See https://www.postgresql.org/docs/current/libpq-ssl.html for libpq SSL mode definitions.
[seed] Task area 'TI' already exists.
[seed] Task area 'RH' already exists.
[seed] Task area 'Operações' already exists.
[seed] Template 'Fluxograma Básico' already exists.
[seed] Template 'Organograma' already exists.
[seed] Template 'Matriz de Impacto/Esforço' already exists.
[seed] Template 'Análise SWOT' already exists.
[seed] Template 'Revisão de Projeto' already exists.
[seed] Template 'Planejamento de Roadmap' already exists.
[seed] Database seeding complete.
node:events:486
      throw er; // Unhandled 'error' event
      ^

Error: listen EADDRINUSE: address already in use 0.0.0.0:5051
    at Server.setupListenHandle [as _listen2] (node:net:1940:16)
    at listenInCluster (node:net:1997:12)
    at node:net:2206:7
    at process.processTicksAndRejections (node:internal/process/task_queues:89:21)
Emitted 'error' event on Server instance at:
    at emitErrorNT (node:net:1976:8)
    at process.processTicksAndRejections (node:internal/process/task_queues:89:21) {
  code: 'EADDRINUSE',
  errno: -48,
  syscall: 'listen',
  address: '0.0.0.0',
  port: 5051
}

Node.js v24.13.1
